// Jest Snapshot v1, https://goo.gl/fbAQLP

exports[`renders without crashing 1`] = `
<div>
  <div
    class="App"
  >
    <header
      class="App-header"
    >
      <h1
        class="App-title"
      >
        QUOTES
      </h1>
      <button
        class="AuthBtn AuthBtn-login"
      >
        Login
      </button>
    </header>
    <div
      class="App-content"
    >
      <input
        class="Input"
        placeholder="Type to create a new quote..."
      />
    </div>
  </div>
</div>
`;
